﻿­ƒÜÇ Starting AI Endpoint Tests...

==================================================

­ƒº¬ Testing code-smell...
Ô£à code-smell - SUCCESS
   Tokens used: 0
   Cost: $0.000000
   Data: {
  "smells": [
    {
      "type": "variable",
      "severity": "medium",
      "line": 3,
      "description": "magic number '0' is used as the initial value for the total variable",
      "why": "...

­ƒº¬ Testing security-scan...
Ô£à security-scan - SUCCESS
   Tokens used: 614
   Cost: $0.000006
   Data: {
  "vulnerabilities": [
    {
      "type": "Insecure Deserialization",
      "severity": "high",
      "line": 1,
      "description": "The function calculateTotal() does not validate the input item...

­ƒº¬ Testing performance...
Ô£à performance - SUCCESS
   Tokens used: 597
   Cost: $0.000006
   Data: {
  "issues": [
    {
      "type": "time complexity",
      "severity": "high",
      "line": 4,
      "currentComplexity": "O(n)",
      "optimalComplexity": "O(n)",
      "description": "Calculatin...

­ƒº¬ Testing complexity...
Ô£à complexity - SUCCESS
   Tokens used: 533
   Cost: $0.000005
   Data: {
  "metrics": {
    "cyclomaticComplexity": 1,
    "cognitiveComplexity": 0,
    "maxNestingDepth": 1,
    "functionCount": 1,
    "averageParameterCount": 1,
    "linesOfCode": 7
  },
  "complexFunc...

­ƒº¬ Testing duplicates...
Ô£à duplicates - SUCCESS
   Tokens used: 436
   Cost: $0.000004
   Data: {
  "duplicates": [
    {
      "type": "exact",
      "locations": [
        {
          "startLine": 1,
          "endLine": 7
        },
        {
          "startLine": 9,
          "endLine": 15
...

­ƒº¬ Testing generate-tests...
Ô£à generate-tests - SUCCESS
   Tokens used: 1441
   Cost: $0.000014
   Data: {
  "_raw": "```json\n{\n  \"tests\": [\n    {\n      \"name\": \"happy path\",\n      \"description\": \"Test the function with a valid array of items\",\n      \"why\": \"This case matters because i...

­ƒº¬ Testing full-review...
Ô£à full-review - SUCCESS
   Tokens used: 3337
   Cost: $0.000033
   Data: {
  "_raw": "{\n  \"issues\": [\n    {\n      \"type\": \"performance\",\n      \"severity\": \"medium\",\n      \"line\": 4,\n      \"description\": \"Using a for loop with an index variable can be s...

==================================================
Ô£à All tests completed!

